#! /usr/bin/vvp
:ivl_version "12.0 (stable)";
:ivl_delay_selection "TYPICAL";
:vpi_time_precision - 12;
:vpi_module "/usr/lib/x86_64-linux-gnu/ivl/system.vpi";
:vpi_module "/usr/lib/x86_64-linux-gnu/ivl/vhdl_sys.vpi";
:vpi_module "/usr/lib/x86_64-linux-gnu/ivl/vhdl_textio.vpi";
:vpi_module "/usr/lib/x86_64-linux-gnu/ivl/v2005_math.vpi";
:vpi_module "/usr/lib/x86_64-linux-gnu/ivl/va_math.vpi";
S_0x60c4c3a1db80 .scope module, "tb_multiplier" "tb_multiplier" 2 3;
 .timescale -9 -12;
v0x60c4c3a50970_0 .var "clk", 0 0;
v0x60c4c3a50a30_0 .var "di", 3 0;
v0x60c4c3a50b80_0 .net "do_out", 7 0, v0x60c4c3a4ef50_0;  1 drivers
v0x60c4c3a50c20_0 .net "done", 0 0, v0x60c4c3a03bf0_0;  1 drivers
v0x60c4c3a50cc0_0 .var "res", 0 0;
v0x60c4c3a50d60_0 .var "start", 0 0;
E_0x60c4c3a0b170 .event anyedge, v0x60c4c3a03bf0_0;
S_0x60c4c3a1dd10 .scope module, "uut" "MULTIPLIER" 2 14, 3 1 0, S_0x60c4c3a1db80;
 .timescale 0 0;
    .port_info 0 /INPUT 1 "clk";
    .port_info 1 /INPUT 1 "res";
    .port_info 2 /INPUT 4 "di";
    .port_info 3 /INPUT 1 "start";
    .port_info 4 /OUTPUT 8 "do_out";
    .port_info 5 /OUTPUT 1 "done";
v0x60c4c3a50000_0 .net "clk", 0 0, v0x60c4c3a50970_0;  1 drivers
v0x60c4c3a500c0_0 .net "cnt_zero_w", 0 0, L_0x60c4c3a50e50;  1 drivers
v0x60c4c3a50180_0 .net "dec_w", 0 0, v0x60c4c3a03af0_0;  1 drivers
v0x60c4c3a50220_0 .net "di", 3 0, v0x60c4c3a50a30_0;  1 drivers
v0x60c4c3a502c0_0 .net "do_out", 7 0, v0x60c4c3a4ef50_0;  alias, 1 drivers
v0x60c4c3a50400_0 .net "done", 0 0, v0x60c4c3a03bf0_0;  alias, 1 drivers
v0x60c4c3a504a0_0 .net "pl1_w", 0 0, v0x60c4c3a04d80_0;  1 drivers
v0x60c4c3a50540_0 .net "pl2_w", 0 0, v0x60c4c3a4c450_0;  1 drivers
v0x60c4c3a505e0_0 .net "pl3_w", 0 0, v0x60c4c3a4c510_0;  1 drivers
v0x60c4c3a50710_0 .net "pl_rez_w", 0 0, v0x60c4c3a4c5d0_0;  1 drivers
v0x60c4c3a507b0_0 .net "res", 0 0, v0x60c4c3a50cc0_0;  1 drivers
v0x60c4c3a50850_0 .net "start", 0 0, v0x60c4c3a50d60_0;  1 drivers
S_0x60c4c3a1af50 .scope module, "U_AUT" "controller" 3 24, 4 1 0, S_0x60c4c3a1dd10;
 .timescale 0 0;
    .port_info 0 /INPUT 1 "clk";
    .port_info 1 /INPUT 1 "res";
    .port_info 2 /INPUT 1 "start";
    .port_info 3 /INPUT 1 "cnt_zero";
    .port_info 4 /OUTPUT 1 "pl1";
    .port_info 5 /OUTPUT 1 "pl2";
    .port_info 6 /OUTPUT 1 "pl3";
    .port_info 7 /OUTPUT 1 "dec";
    .port_info 8 /OUTPUT 1 "pl_rez";
    .port_info 9 /OUTPUT 1 "done";
P_0x60c4c3a1b130 .param/l "S0" 0 4 14, C4<000>;
P_0x60c4c3a1b170 .param/l "S1" 0 4 15, C4<001>;
P_0x60c4c3a1b1b0 .param/l "S2" 0 4 16, C4<010>;
P_0x60c4c3a1b1f0 .param/l "S3" 0 4 17, C4<011>;
P_0x60c4c3a1b230 .param/l "S4" 0 4 18, C4<100>;
P_0x60c4c3a1b270 .param/l "S5" 0 4 19, C4<101>;
v0x60c4c3a06220_0 .net "clk", 0 0, v0x60c4c3a50970_0;  alias, 1 drivers
v0x60c4c3a062f0_0 .net "cnt_zero", 0 0, L_0x60c4c3a50e50;  alias, 1 drivers
v0x60c4c3a03af0_0 .var "dec", 0 0;
v0x60c4c3a03bf0_0 .var "done", 0 0;
v0x60c4c3a04c80_0 .var "next_state", 2 0;
v0x60c4c3a04d80_0 .var "pl1", 0 0;
v0x60c4c3a4c450_0 .var "pl2", 0 0;
v0x60c4c3a4c510_0 .var "pl3", 0 0;
v0x60c4c3a4c5d0_0 .var "pl_rez", 0 0;
v0x60c4c3a4c690_0 .net "res", 0 0, v0x60c4c3a50cc0_0;  alias, 1 drivers
v0x60c4c3a4c750_0 .net "start", 0 0, v0x60c4c3a50d60_0;  alias, 1 drivers
v0x60c4c3a4c810_0 .var "state", 2 0;
E_0x60c4c3a0a320 .event anyedge, v0x60c4c3a4c810_0;
E_0x60c4c3a0aa40 .event anyedge, v0x60c4c3a4c810_0, v0x60c4c3a4c750_0, v0x60c4c3a062f0_0;
E_0x60c4c39f5290 .event posedge, v0x60c4c3a4c690_0, v0x60c4c3a06220_0;
S_0x60c4c3a4ca30 .scope module, "U_CIRC" "datapath" 3 39, 5 1 0, S_0x60c4c3a1dd10;
 .timescale 0 0;
    .port_info 0 /INPUT 1 "clk";
    .port_info 1 /INPUT 1 "res";
    .port_info 2 /INPUT 4 "di";
    .port_info 3 /INPUT 1 "pl1";
    .port_info 4 /INPUT 1 "pl2";
    .port_info 5 /INPUT 1 "pl3";
    .port_info 6 /INPUT 1 "dec";
    .port_info 7 /INPUT 1 "pl_rez";
    .port_info 8 /OUTPUT 8 "do_out";
    .port_info 9 /OUTPUT 1 "cnt_zero";
v0x60c4c3a4f210_0 .net "clk", 0 0, v0x60c4c3a50970_0;  alias, 1 drivers
v0x60c4c3a4f2d0_0 .net "cnt_zero", 0 0, L_0x60c4c3a50e50;  alias, 1 drivers
v0x60c4c3a4f390_0 .net "dec", 0 0, v0x60c4c3a03af0_0;  alias, 1 drivers
v0x60c4c3a4f480_0 .net "di", 3 0, v0x60c4c3a50a30_0;  alias, 1 drivers
v0x60c4c3a4f570_0 .net "do_out", 7 0, v0x60c4c3a4ef50_0;  alias, 1 drivers
v0x60c4c3a4f660_0 .net "out_adder", 7 0, L_0x60c4c3a510c0;  1 drivers
v0x60c4c3a4f750_0 .net "out_cnt4", 3 0, v0x60c4c3a4db60_0;  1 drivers
v0x60c4c3a4f810_0 .net "out_reg4", 3 0, v0x60c4c3a4e250_0;  1 drivers
v0x60c4c3a4f900_0 .net "out_reg8", 7 0, v0x60c4c3a4e900_0;  1 drivers
v0x60c4c3a4fa50_0 .net "pl1", 0 0, v0x60c4c3a04d80_0;  alias, 1 drivers
v0x60c4c3a4faf0_0 .net "pl2", 0 0, v0x60c4c3a4c450_0;  alias, 1 drivers
v0x60c4c3a4fbe0_0 .net "pl3", 0 0, v0x60c4c3a4c510_0;  alias, 1 drivers
v0x60c4c3a4fcd0_0 .net "pl_rez", 0 0, v0x60c4c3a4c5d0_0;  alias, 1 drivers
v0x60c4c3a4fdc0_0 .net "res", 0 0, v0x60c4c3a50cc0_0;  alias, 1 drivers
S_0x60c4c3a4cce0 .scope module, "U_ADDER" "adder" 5 43, 6 1 0, S_0x60c4c3a4ca30;
 .timescale 0 0;
    .port_info 0 /INPUT 4 "a";
    .port_info 1 /INPUT 8 "b";
    .port_info 2 /OUTPUT 8 "sum";
L_0x74b007e40060 .functor BUFT 1, C4<0000>, C4<0>, C4<0>, C4<0>;
v0x60c4c3a4cf30_0 .net/2u *"_ivl_0", 3 0, L_0x74b007e40060;  1 drivers
v0x60c4c3a4d030_0 .net *"_ivl_2", 7 0, L_0x60c4c3a50fd0;  1 drivers
v0x60c4c3a4d110_0 .net "a", 3 0, v0x60c4c3a4e250_0;  alias, 1 drivers
v0x60c4c3a4d1d0_0 .net "b", 7 0, v0x60c4c3a4e900_0;  alias, 1 drivers
v0x60c4c3a4d2b0_0 .net "sum", 7 0, L_0x60c4c3a510c0;  alias, 1 drivers
L_0x60c4c3a50fd0 .concat [ 4 4 0 0], v0x60c4c3a4e250_0, L_0x74b007e40060;
L_0x60c4c3a510c0 .arith/sum 8, v0x60c4c3a4e900_0, L_0x60c4c3a50fd0;
S_0x60c4c3a4d460 .scope module, "U_CNT4" "cnt4" 5 32, 7 1 0, S_0x60c4c3a4ca30;
 .timescale 0 0;
    .port_info 0 /INPUT 1 "clk";
    .port_info 1 /INPUT 1 "res";
    .port_info 2 /INPUT 4 "d";
    .port_info 3 /INPUT 1 "pl2";
    .port_info 4 /INPUT 1 "dec";
    .port_info 5 /OUTPUT 4 "q";
    .port_info 6 /OUTPUT 1 "cnt_zero";
L_0x74b007e40018 .functor BUFT 1, C4<0000>, C4<0>, C4<0>, C4<0>;
v0x60c4c3a4d6f0_0 .net/2u *"_ivl_0", 3 0, L_0x74b007e40018;  1 drivers
v0x60c4c3a4d7d0_0 .net "clk", 0 0, v0x60c4c3a50970_0;  alias, 1 drivers
v0x60c4c3a4d890_0 .net "cnt_zero", 0 0, L_0x60c4c3a50e50;  alias, 1 drivers
v0x60c4c3a4d930_0 .net "d", 3 0, v0x60c4c3a50a30_0;  alias, 1 drivers
v0x60c4c3a4d9d0_0 .net "dec", 0 0, v0x60c4c3a03af0_0;  alias, 1 drivers
v0x60c4c3a4dac0_0 .net "pl2", 0 0, v0x60c4c3a4c450_0;  alias, 1 drivers
v0x60c4c3a4db60_0 .var "q", 3 0;
v0x60c4c3a4dc00_0 .net "res", 0 0, v0x60c4c3a50cc0_0;  alias, 1 drivers
L_0x60c4c3a50e50 .cmp/eq 4, v0x60c4c3a4db60_0, L_0x74b007e40018;
S_0x60c4c3a4dd60 .scope module, "U_REG4" "reg4" 5 23, 8 1 0, S_0x60c4c3a4ca30;
 .timescale 0 0;
    .port_info 0 /INPUT 1 "clk";
    .port_info 1 /INPUT 1 "res";
    .port_info 2 /INPUT 4 "d";
    .port_info 3 /INPUT 1 "pl1";
    .port_info 4 /OUTPUT 4 "q";
v0x60c4c3a4dfa0_0 .net "clk", 0 0, v0x60c4c3a50970_0;  alias, 1 drivers
v0x60c4c3a4e090_0 .net "d", 3 0, v0x60c4c3a50a30_0;  alias, 1 drivers
v0x60c4c3a4e150_0 .net "pl1", 0 0, v0x60c4c3a04d80_0;  alias, 1 drivers
v0x60c4c3a4e250_0 .var "q", 3 0;
v0x60c4c3a4e320_0 .net "res", 0 0, v0x60c4c3a50cc0_0;  alias, 1 drivers
S_0x60c4c3a4e4a0 .scope module, "U_REG8" "reg8" 5 50, 9 1 0, S_0x60c4c3a4ca30;
 .timescale 0 0;
    .port_info 0 /INPUT 1 "clk";
    .port_info 1 /INPUT 1 "res";
    .port_info 2 /INPUT 8 "d";
    .port_info 3 /INPUT 1 "pl3";
    .port_info 4 /OUTPUT 8 "q";
v0x60c4c3a4e680_0 .net "clk", 0 0, v0x60c4c3a50970_0;  alias, 1 drivers
v0x60c4c3a4e740_0 .net "d", 7 0, L_0x60c4c3a510c0;  alias, 1 drivers
v0x60c4c3a4e800_0 .net "pl3", 0 0, v0x60c4c3a4c510_0;  alias, 1 drivers
v0x60c4c3a4e900_0 .var "q", 7 0;
v0x60c4c3a4e9d0_0 .net "res", 0 0, v0x60c4c3a50cc0_0;  alias, 1 drivers
S_0x60c4c3a4eb00 .scope module, "U_REG_REZ" "reg_rez" 5 59, 10 1 0, S_0x60c4c3a4ca30;
 .timescale 0 0;
    .port_info 0 /INPUT 1 "clk";
    .port_info 1 /INPUT 1 "res";
    .port_info 2 /INPUT 8 "d";
    .port_info 3 /INPUT 1 "pl_rez";
    .port_info 4 /OUTPUT 8 "q";
v0x60c4c3a4ed30_0 .net "clk", 0 0, v0x60c4c3a50970_0;  alias, 1 drivers
v0x60c4c3a4edf0_0 .net "d", 7 0, v0x60c4c3a4e900_0;  alias, 1 drivers
v0x60c4c3a4eeb0_0 .net "pl_rez", 0 0, v0x60c4c3a4c5d0_0;  alias, 1 drivers
v0x60c4c3a4ef50_0 .var "q", 7 0;
v0x60c4c3a4eff0_0 .net "res", 0 0, v0x60c4c3a50cc0_0;  alias, 1 drivers
    .scope S_0x60c4c3a1af50;
T_0 ;
    %wait E_0x60c4c39f5290;
    %load/vec4 v0x60c4c3a4c690_0;
    %flag_set/vec4 8;
    %jmp/0xz  T_0.0, 8;
    %pushi/vec4 0, 0, 3;
    %assign/vec4 v0x60c4c3a4c810_0, 0;
    %jmp T_0.1;
T_0.0 ;
    %load/vec4 v0x60c4c3a04c80_0;
    %assign/vec4 v0x60c4c3a4c810_0, 0;
T_0.1 ;
    %jmp T_0;
    .thread T_0;
    .scope S_0x60c4c3a1af50;
T_1 ;
    %wait E_0x60c4c3a0aa40;
    %load/vec4 v0x60c4c3a4c810_0;
    %store/vec4 v0x60c4c3a04c80_0, 0, 3;
    %load/vec4 v0x60c4c3a4c810_0;
    %dup/vec4;
    %pushi/vec4 0, 0, 3;
    %cmp/u;
    %jmp/1 T_1.0, 6;
    %dup/vec4;
    %pushi/vec4 1, 0, 3;
    %cmp/u;
    %jmp/1 T_1.1, 6;
    %dup/vec4;
    %pushi/vec4 2, 0, 3;
    %cmp/u;
    %jmp/1 T_1.2, 6;
    %dup/vec4;
    %pushi/vec4 3, 0, 3;
    %cmp/u;
    %jmp/1 T_1.3, 6;
    %dup/vec4;
    %pushi/vec4 4, 0, 3;
    %cmp/u;
    %jmp/1 T_1.4, 6;
    %dup/vec4;
    %pushi/vec4 5, 0, 3;
    %cmp/u;
    %jmp/1 T_1.5, 6;
    %pushi/vec4 0, 0, 3;
    %store/vec4 v0x60c4c3a04c80_0, 0, 3;
    %jmp T_1.7;
T_1.0 ;
    %load/vec4 v0x60c4c3a4c750_0;
    %cmpi/e 1, 0, 1;
    %jmp/0xz  T_1.8, 4;
    %pushi/vec4 1, 0, 3;
    %store/vec4 v0x60c4c3a04c80_0, 0, 3;
T_1.8 ;
    %jmp T_1.7;
T_1.1 ;
    %load/vec4 v0x60c4c3a4c750_0;
    %cmpi/e 0, 0, 1;
    %jmp/0xz  T_1.10, 4;
    %pushi/vec4 2, 0, 3;
    %store/vec4 v0x60c4c3a04c80_0, 0, 3;
T_1.10 ;
    %jmp T_1.7;
T_1.2 ;
    %load/vec4 v0x60c4c3a062f0_0;
    %flag_set/vec4 8;
    %jmp/0xz  T_1.12, 8;
    %pushi/vec4 4, 0, 3;
    %store/vec4 v0x60c4c3a04c80_0, 0, 3;
    %jmp T_1.13;
T_1.12 ;
    %pushi/vec4 3, 0, 3;
    %store/vec4 v0x60c4c3a04c80_0, 0, 3;
T_1.13 ;
    %jmp T_1.7;
T_1.3 ;
    %pushi/vec4 2, 0, 3;
    %store/vec4 v0x60c4c3a04c80_0, 0, 3;
    %jmp T_1.7;
T_1.4 ;
    %pushi/vec4 5, 0, 3;
    %store/vec4 v0x60c4c3a04c80_0, 0, 3;
    %jmp T_1.7;
T_1.5 ;
    %load/vec4 v0x60c4c3a4c750_0;
    %cmpi/e 0, 0, 1;
    %jmp/0xz  T_1.14, 4;
    %pushi/vec4 0, 0, 3;
    %store/vec4 v0x60c4c3a04c80_0, 0, 3;
T_1.14 ;
    %jmp T_1.7;
T_1.7 ;
    %pop/vec4 1;
    %jmp T_1;
    .thread T_1, $push;
    .scope S_0x60c4c3a1af50;
T_2 ;
    %wait E_0x60c4c3a0a320;
    %pushi/vec4 0, 0, 1;
    %store/vec4 v0x60c4c3a04d80_0, 0, 1;
    %pushi/vec4 0, 0, 1;
    %store/vec4 v0x60c4c3a4c450_0, 0, 1;
    %pushi/vec4 0, 0, 1;
    %store/vec4 v0x60c4c3a4c510_0, 0, 1;
    %pushi/vec4 0, 0, 1;
    %store/vec4 v0x60c4c3a03af0_0, 0, 1;
    %pushi/vec4 0, 0, 1;
    %store/vec4 v0x60c4c3a4c5d0_0, 0, 1;
    %pushi/vec4 0, 0, 1;
    %store/vec4 v0x60c4c3a03bf0_0, 0, 1;
    %load/vec4 v0x60c4c3a4c810_0;
    %dup/vec4;
    %pushi/vec4 0, 0, 3;
    %cmp/u;
    %jmp/1 T_2.0, 6;
    %dup/vec4;
    %pushi/vec4 1, 0, 3;
    %cmp/u;
    %jmp/1 T_2.1, 6;
    %dup/vec4;
    %pushi/vec4 2, 0, 3;
    %cmp/u;
    %jmp/1 T_2.2, 6;
    %dup/vec4;
    %pushi/vec4 3, 0, 3;
    %cmp/u;
    %jmp/1 T_2.3, 6;
    %dup/vec4;
    %pushi/vec4 4, 0, 3;
    %cmp/u;
    %jmp/1 T_2.4, 6;
    %dup/vec4;
    %pushi/vec4 5, 0, 3;
    %cmp/u;
    %jmp/1 T_2.5, 6;
    %jmp T_2.7;
T_2.0 ;
    %pushi/vec4 1, 0, 1;
    %store/vec4 v0x60c4c3a04d80_0, 0, 1;
    %jmp T_2.7;
T_2.1 ;
    %pushi/vec4 1, 0, 1;
    %store/vec4 v0x60c4c3a4c450_0, 0, 1;
    %jmp T_2.7;
T_2.2 ;
    %jmp T_2.7;
T_2.3 ;
    %pushi/vec4 1, 0, 1;
    %store/vec4 v0x60c4c3a4c510_0, 0, 1;
    %pushi/vec4 1, 0, 1;
    %store/vec4 v0x60c4c3a03af0_0, 0, 1;
    %jmp T_2.7;
T_2.4 ;
    %pushi/vec4 1, 0, 1;
    %store/vec4 v0x60c4c3a4c5d0_0, 0, 1;
    %jmp T_2.7;
T_2.5 ;
    %pushi/vec4 1, 0, 1;
    %store/vec4 v0x60c4c3a03bf0_0, 0, 1;
    %jmp T_2.7;
T_2.7 ;
    %pop/vec4 1;
    %jmp T_2;
    .thread T_2, $push;
    .scope S_0x60c4c3a4dd60;
T_3 ;
    %wait E_0x60c4c39f5290;
    %load/vec4 v0x60c4c3a4e320_0;
    %flag_set/vec4 8;
    %jmp/0xz  T_3.0, 8;
    %pushi/vec4 0, 0, 4;
    %assign/vec4 v0x60c4c3a4e250_0, 0;
    %jmp T_3.1;
T_3.0 ;
    %load/vec4 v0x60c4c3a4e150_0;
    %flag_set/vec4 8;
    %jmp/0xz  T_3.2, 8;
    %load/vec4 v0x60c4c3a4e090_0;
    %assign/vec4 v0x60c4c3a4e250_0, 0;
T_3.2 ;
T_3.1 ;
    %jmp T_3;
    .thread T_3;
    .scope S_0x60c4c3a4d460;
T_4 ;
    %wait E_0x60c4c39f5290;
    %load/vec4 v0x60c4c3a4dc00_0;
    %flag_set/vec4 8;
    %jmp/0xz  T_4.0, 8;
    %pushi/vec4 0, 0, 4;
    %assign/vec4 v0x60c4c3a4db60_0, 0;
    %jmp T_4.1;
T_4.0 ;
    %load/vec4 v0x60c4c3a4dac0_0;
    %flag_set/vec4 8;
    %jmp/0xz  T_4.2, 8;
    %load/vec4 v0x60c4c3a4d930_0;
    %assign/vec4 v0x60c4c3a4db60_0, 0;
    %jmp T_4.3;
T_4.2 ;
    %load/vec4 v0x60c4c3a4d9d0_0;
    %flag_set/vec4 8;
    %jmp/0xz  T_4.4, 8;
    %load/vec4 v0x60c4c3a4db60_0;
    %subi 1, 0, 4;
    %assign/vec4 v0x60c4c3a4db60_0, 0;
T_4.4 ;
T_4.3 ;
T_4.1 ;
    %jmp T_4;
    .thread T_4;
    .scope S_0x60c4c3a4e4a0;
T_5 ;
    %wait E_0x60c4c39f5290;
    %load/vec4 v0x60c4c3a4e9d0_0;
    %flag_set/vec4 8;
    %jmp/0xz  T_5.0, 8;
    %pushi/vec4 0, 0, 8;
    %assign/vec4 v0x60c4c3a4e900_0, 0;
    %jmp T_5.1;
T_5.0 ;
    %load/vec4 v0x60c4c3a4e800_0;
    %flag_set/vec4 8;
    %jmp/0xz  T_5.2, 8;
    %load/vec4 v0x60c4c3a4e740_0;
    %assign/vec4 v0x60c4c3a4e900_0, 0;
T_5.2 ;
T_5.1 ;
    %jmp T_5;
    .thread T_5;
    .scope S_0x60c4c3a4eb00;
T_6 ;
    %wait E_0x60c4c39f5290;
    %load/vec4 v0x60c4c3a4eff0_0;
    %flag_set/vec4 8;
    %jmp/0xz  T_6.0, 8;
    %pushi/vec4 0, 0, 8;
    %assign/vec4 v0x60c4c3a4ef50_0, 0;
    %jmp T_6.1;
T_6.0 ;
    %load/vec4 v0x60c4c3a4eeb0_0;
    %flag_set/vec4 8;
    %jmp/0xz  T_6.2, 8;
    %load/vec4 v0x60c4c3a4edf0_0;
    %assign/vec4 v0x60c4c3a4ef50_0, 0;
T_6.2 ;
T_6.1 ;
    %jmp T_6;
    .thread T_6;
    .scope S_0x60c4c3a1db80;
T_7 ;
    %pushi/vec4 0, 0, 1;
    %store/vec4 v0x60c4c3a50970_0, 0, 1;
T_7.0 ;
    %delay 5000, 0;
    %load/vec4 v0x60c4c3a50970_0;
    %inv;
    %store/vec4 v0x60c4c3a50970_0, 0, 1;
    %jmp T_7.0;
    %end;
    .thread T_7;
    .scope S_0x60c4c3a1db80;
T_8 ;
    %vpi_call 2 32 "$display", ">> Incepere simulare..." {0 0 0};
    %pushi/vec4 1, 0, 1;
    %store/vec4 v0x60c4c3a50cc0_0, 0, 1;
    %pushi/vec4 0, 0, 1;
    %store/vec4 v0x60c4c3a50d60_0, 0, 1;
    %pushi/vec4 0, 0, 4;
    %store/vec4 v0x60c4c3a50a30_0, 0, 4;
    %delay 20000, 0;
    %pushi/vec4 0, 0, 1;
    %store/vec4 v0x60c4c3a50cc0_0, 0, 1;
    %delay 20000, 0;
    %vpi_call 2 43 "$display", ">> Test 1: Calculam 3 * 4" {0 0 0};
    %pushi/vec4 3, 0, 4;
    %store/vec4 v0x60c4c3a50a30_0, 0, 4;
    %delay 20000, 0;
    %pushi/vec4 1, 0, 1;
    %store/vec4 v0x60c4c3a50d60_0, 0, 1;
    %delay 10000, 0;
    %pushi/vec4 4, 0, 4;
    %store/vec4 v0x60c4c3a50a30_0, 0, 4;
    %delay 20000, 0;
    %pushi/vec4 0, 0, 1;
    %store/vec4 v0x60c4c3a50d60_0, 0, 1;
T_8.0 ;
    %load/vec4 v0x60c4c3a50c20_0;
    %pad/u 32;
    %pushi/vec4 1, 0, 32;
    %cmp/e;
    %flag_get/vec4 4;
    %cmpi/ne 1, 0, 1;
    %jmp/0xz T_8.1, 6;
    %wait E_0x60c4c3a0b170;
    %jmp T_8.0;
T_8.1 ;
    %delay 10000, 0;
    %load/vec4 v0x60c4c3a50b80_0;
    %cmpi/e 12, 0, 8;
    %jmp/0xz  T_8.2, 4;
    %vpi_call 2 67 "$display", ">> Test 1 PASSED! Rezultat = %d", v0x60c4c3a50b80_0 {0 0 0};
    %jmp T_8.3;
T_8.2 ;
    %vpi_call 2 69 "$display", ">> Test 1 FAILED! Rezultat asteptat: 12, obtinut: %d", v0x60c4c3a50b80_0 {0 0 0};
T_8.3 ;
    %delay 20000, 0;
    %pushi/vec4 1, 0, 1;
    %store/vec4 v0x60c4c3a50cc0_0, 0, 1;
    %delay 20000, 0;
    %pushi/vec4 0, 0, 1;
    %store/vec4 v0x60c4c3a50cc0_0, 0, 1;
    %delay 20000, 0;
    %vpi_call 2 82 "$display", ">> Test 2: Calculam 5 * 2" {0 0 0};
    %pushi/vec4 5, 0, 4;
    %store/vec4 v0x60c4c3a50a30_0, 0, 4;
    %delay 20000, 0;
    %pushi/vec4 1, 0, 1;
    %store/vec4 v0x60c4c3a50d60_0, 0, 1;
    %delay 10000, 0;
    %pushi/vec4 2, 0, 4;
    %store/vec4 v0x60c4c3a50a30_0, 0, 4;
    %delay 20000, 0;
    %pushi/vec4 0, 0, 1;
    %store/vec4 v0x60c4c3a50d60_0, 0, 1;
T_8.4 ;
    %load/vec4 v0x60c4c3a50c20_0;
    %pad/u 32;
    %pushi/vec4 1, 0, 32;
    %cmp/e;
    %flag_get/vec4 4;
    %cmpi/ne 1, 0, 1;
    %jmp/0xz T_8.5, 6;
    %wait E_0x60c4c3a0b170;
    %jmp T_8.4;
T_8.5 ;
    %delay 10000, 0;
    %load/vec4 v0x60c4c3a50b80_0;
    %cmpi/e 10, 0, 8;
    %jmp/0xz  T_8.6, 4;
    %vpi_call 2 99 "$display", ">> Test 2 PASSED! Rezultat = %d", v0x60c4c3a50b80_0 {0 0 0};
    %jmp T_8.7;
T_8.6 ;
    %vpi_call 2 101 "$display", ">> Test 2 FAILED! Rezultat asteptat: 10, obtinut: %d", v0x60c4c3a50b80_0 {0 0 0};
T_8.7 ;
    %delay 20000, 0;
    %pushi/vec4 1, 0, 1;
    %store/vec4 v0x60c4c3a50cc0_0, 0, 1;
    %delay 20000, 0;
    %pushi/vec4 0, 0, 1;
    %store/vec4 v0x60c4c3a50cc0_0, 0, 1;
    %delay 20000, 0;
    %vpi_call 2 114 "$display", ">> Test 3: Calculam 6 * 0 (Corner case)" {0 0 0};
    %pushi/vec4 6, 0, 4;
    %store/vec4 v0x60c4c3a50a30_0, 0, 4;
    %delay 20000, 0;
    %pushi/vec4 1, 0, 1;
    %store/vec4 v0x60c4c3a50d60_0, 0, 1;
    %delay 10000, 0;
    %pushi/vec4 0, 0, 4;
    %store/vec4 v0x60c4c3a50a30_0, 0, 4;
    %delay 20000, 0;
    %pushi/vec4 0, 0, 1;
    %store/vec4 v0x60c4c3a50d60_0, 0, 1;
T_8.8 ;
    %load/vec4 v0x60c4c3a50c20_0;
    %pad/u 32;
    %pushi/vec4 1, 0, 32;
    %cmp/e;
    %flag_get/vec4 4;
    %cmpi/ne 1, 0, 1;
    %jmp/0xz T_8.9, 6;
    %wait E_0x60c4c3a0b170;
    %jmp T_8.8;
T_8.9 ;
    %delay 10000, 0;
    %vpi_call 2 132 "$display", ">> Test 3 (6*0) Finalizat. Rezultat obtinut: %d", v0x60c4c3a50b80_0 {0 0 0};
    %delay 50000, 0;
    %vpi_call 2 135 "$display", ">> Simulare incheiata." {0 0 0};
    %vpi_call 2 136 "$finish" {0 0 0};
    %end;
    .thread T_8;
# The file index is used to find the file name in the following table.
:file_names 11;
    "N/A";
    "<interactive>";
    "tb_multiplier.v";
    "multiplier.v";
    "controller.v";
    "datapath.v";
    "adder.v";
    "cnt4.v";
    "reg4.v";
    "reg8.v";
    "reg_rez.v";
