#! /usr/bin/vvp
:ivl_version "12.0 (stable)";
:ivl_delay_selection "TYPICAL";
:vpi_time_precision + 0;
:vpi_module "/usr/lib/x86_64-linux-gnu/ivl/system.vpi";
:vpi_module "/usr/lib/x86_64-linux-gnu/ivl/vhdl_sys.vpi";
:vpi_module "/usr/lib/x86_64-linux-gnu/ivl/vhdl_textio.vpi";
:vpi_module "/usr/lib/x86_64-linux-gnu/ivl/v2005_math.vpi";
:vpi_module "/usr/lib/x86_64-linux-gnu/ivl/va_math.vpi";
S_0x6220f35a25a0 .scope module, "mux" "mux" 2 1;
 .timescale 0 0;
    .port_info 0 /INPUT 8 "a";
    .port_info 1 /INPUT 8 "b";
    .port_info 2 /INPUT 1 "sel";
    .port_info 3 /OUTPUT 1 "c";
v0x6220f35a27a0_0 .net *"_ivl_0", 31 0, L_0x6220f35ea8f0;  1 drivers
L_0x7aebcbdb7018 .functor BUFT 1, C4<0000000000000000000000000000000>, C4<0>, C4<0>, C4<0>;
v0x6220f35ea170_0 .net *"_ivl_3", 30 0, L_0x7aebcbdb7018;  1 drivers
L_0x7aebcbdb7060 .functor BUFT 1, C4<00000000000000000000000000000000>, C4<0>, C4<0>, C4<0>;
v0x6220f35ea250_0 .net/2u *"_ivl_4", 31 0, L_0x7aebcbdb7060;  1 drivers
v0x6220f35ea340_0 .net *"_ivl_6", 0 0, L_0x6220f35faa50;  1 drivers
v0x6220f35ea400_0 .net *"_ivl_8", 7 0, L_0x6220f35fabc0;  1 drivers
o0x7aebcc0be108 .functor BUFZ 8, C4<zzzzzzzz>; HiZ drive
v0x6220f35ea530_0 .net "a", 7 0, o0x7aebcc0be108;  0 drivers
o0x7aebcc0be138 .functor BUFZ 8, C4<zzzzzzzz>; HiZ drive
v0x6220f35ea610_0 .net "b", 7 0, o0x7aebcc0be138;  0 drivers
v0x6220f35ea6f0_0 .net "c", 0 0, L_0x6220f35facb0;  1 drivers
o0x7aebcc0be198 .functor BUFZ 1, C4<z>; HiZ drive
v0x6220f35ea7b0_0 .net "sel", 0 0, o0x7aebcc0be198;  0 drivers
L_0x6220f35ea8f0 .concat [ 1 31 0 0], o0x7aebcc0be198, L_0x7aebcbdb7018;
L_0x6220f35faa50 .cmp/eq 32, L_0x6220f35ea8f0, L_0x7aebcbdb7060;
L_0x6220f35fabc0 .functor MUXZ 8, o0x7aebcc0be138, o0x7aebcc0be108, L_0x6220f35faa50, C4<>;
L_0x6220f35facb0 .part L_0x6220f35fabc0, 0, 1;
# The file index is used to find the file name in the following table.
:file_names 3;
    "N/A";
    "<interactive>";
    "mux.v";
